<?xml version="1.0" encoding="UTF-8" standalone="yes"?><DefaultEdgeQueryResponse xmlns="http://webservice.datawave.nsa/v1"><HasResults>true</HasResults><OperationTimeMS>29</OperationTimeMS><LogicName>EdgeQuery</LogicName><PageNumber>1</PageNumber><PartialResults>false</PartialResults><QueryId>73f22230-5bea-4c14-bc44-b2ee1d610667</QueryId><Edges><Edge edgeType="REDIRECT" edgeRelationship="REDIRECT" edgeAttribute1Source="WIKI_PAGE_METADATA" statsType="ACTIVITY" date="20130305" edgeAttribute3="preserve" edgeAttribute2="wikitext"><ColumnVisibility>PUBLIC</ColumnVisibility><Identifier>Computer accessibility</Identifier><RelatedIdentifier></RelatedIdentifier><Counts><Count>1</Count><Count>0</Count><Count>0</Count><Count>0</Count><Count>0</Count><Count>0</Count><Count>0</Count><Count>0</Count><Count>0</Count><Count>0</Count><Count>0</Count><Count>0</Count><Count>0</Count><Count>0</Count><Count>0</Count><Count>0</Count><Count>0</Count><Count>0</Count><Count>0</Count><Count>0</Count><Count>0</Count><Count>0</Count><Count>0</Count><Count>0</Count></Counts><LoadDate>20180921</LoadDate></Edge><Edge edgeType="REDIRECT" edgeRelationship="REDIRECT-PAGE" edgeAttribute1Source="WIKI_PAGE_METADATA-WIKI_PAGE_METADATA" date="20130305" edgeAttribute3="preserve" edgeAttribute2="wikitext"><ColumnVisibility>PUBLIC</ColumnVisibility><Identifier>Computer accessibility</Identifier><RelatedIdentifier>AccessibleComputing</RelatedIdentifier><Count>1</Count><Counts><Count>1</Count><Count>0</Count><Count>0</Count><Count>0</Count><Count>0</Count><Count>0</Count><Count>0</Count><Count>0</Count><Count>0</Count><Count>0</Count><Count>0</Count><Count>0</Count><Count>0</Count><Count>0</Count><Count>0</Count><Count>0</Count><Count>0</Count><Count>0</Count><Count>0</Count><Count>0</Count><Count>0</Count><Count>0</Count><Count>0</Count><Count>0</Count></Counts><LoadDate>20180921</LoadDate></Edge></Edges></DefaultEdgeQueryResponse>