<?xml version="1.0" encoding="UTF-8" standalone="yes"?><GenericResponse xmlns="http://webservice.datawave.nsa/v1"><HasResults>true</HasResults><OperationTimeMS>46</OperationTimeMS><Result xmlns:xsi="http://www.w3.org/2001/XMLSchema-instance" xmlns:xs="http://www.w3.org/2001/XMLSchema" xsi:type="xs:string">2cc405f8-ec75-4b3d-b88a-a7a8ca655dd7</Result></GenericResponse>