<?xml version="1.0" encoding="UTF-8" standalone="yes"?><GenericResponse xmlns="http://webservice.datawave.nsa/v1"><HasResults>false</HasResults><Messages>Invalid type 'DNE_UID_TYPE' for UUID ThisUuidDoesNotExist not supported with the LuceneToJexlUUIDQueryParser</Messages><OperationTimeMS>0</OperationTimeMS></GenericResponse>