<?xml version="1.0" encoding="UTF-8" standalone="yes"?><DefaultEventQueryResponse xmlns="http://webservice.datawave.nsa/v1"><HasResults>true</HasResults><OperationTimeMS>56</OperationTimeMS><LogicName>LuceneUUIDEventQuery</LogicName><PageNumber>1</PageNumber><PartialResults>false</PartialResults><QueryId>453c4517-83a3-4504-81a0-8aa82d424e95</QueryId><Events><Event><Fields><Field columnVisibility="PUBLIC" name="LOAD_DATE" timestamp="1362441600000"><Markings><entry><key>columnVisibility</key><value>PUBLIC</value></entry></Markings><Value type="xs:string">1537534827259</Value></Field><Field columnVisibility="PUBLIC" name="LANGUAGE" timestamp="1362441600000"><Markings><entry><key>columnVisibility</key><value>PUBLIC</value></entry></Markings><Value type="xs:string">ENGLISH</Value></Field><Field columnVisibility="PUBLIC" name="REVISION_SHA1" timestamp="1362441600000"><Markings><entry><key>columnVisibility</key><value>PUBLIC</value></entry></Markings><Value type="xs:string">lo15ponaybcg2sf49sstw9gdjmdetnk</Value></Field><Field columnVisibility="PUBLIC" name="CONTRIBUTOR_USERNAME" timestamp="1362441600000"><Markings><entry><key>columnVisibility</key><value>PUBLIC</value></entry></Markings><Value type="xs:string">OlEnglish</Value></Field><Field columnVisibility="PUBLIC" name="REVISION_ID" timestamp="1362441600000"><Markings><entry><key>columnVisibility</key><value>PUBLIC</value></entry></Markings><Value type="xs:decimal">381202555</Value></Field><Field columnVisibility="PUBLIC" name="PAGE_ID" timestamp="1362441600000"><Markings><entry><key>columnVisibility</key><value>PUBLIC</value></entry></Markings><Value type="xs:decimal">10</Value></Field><Field columnVisibility="PUBLIC" name="HAS_REVISION_TEXT_CONTENT" timestamp="1362441600000"><Markings><entry><key>columnVisibility</key><value>PUBLIC</value></entry></Markings><Value type="xs:string">true</Value></Field><Field columnVisibility="PUBLIC" name="REVISION_TIMESTAMP" timestamp="1362441600000"><Markings><entry><key>columnVisibility</key><value>PUBLIC</value></entry></Markings><Value type="xs:string">2010-08-26T22:38:36Z</Value></Field><Field columnVisibility="PUBLIC" name="PAGE_REDIRECT_TITLE" timestamp="1362441600000"><Markings><entry><key>columnVisibility</key><value>PUBLIC</value></entry></Markings><Value type="xs:string">Computer accessibility</Value></Field><Field columnVisibility="PUBLIC" name="REVISION_MODEL" timestamp="1362441600000"><Markings><entry><key>columnVisibility</key><value>PUBLIC</value></entry></Markings><Value type="xs:string">wikitext</Value></Field><Field columnVisibility="PUBLIC" name="REVISION_PARENTID" timestamp="1362441600000"><Markings><entry><key>columnVisibility</key><value>PUBLIC</value></entry></Markings><Value type="xs:decimal">381200179</Value></Field><Field columnVisibility="PUBLIC" name="PAGE_NAMESPACE" timestamp="1362441600000"><Markings><entry><key>columnVisibility</key><value>PUBLIC</value></entry></Markings><Value type="xs:decimal">0</Value></Field><Field columnVisibility="PUBLIC" name="ORIG_FILE" timestamp="1362441600000"><Markings><entry><key>columnVisibility</key><value>PUBLIC</value></entry></Markings><Value type="xs:string">enwiki-20130305-pages-articles-brief.xml|0|0</Value></Field><Field columnVisibility="PUBLIC" name="REVISION_FORMAT" timestamp="1362441600000"><Markings><entry><key>columnVisibility</key><value>PUBLIC</value></entry></Markings><Value type="xs:string">text/x-wiki</Value></Field><Field columnVisibility="PUBLIC" name="REVISION_COMMENT" timestamp="1362441600000"><Markings><entry><key>columnVisibility</key><value>PUBLIC</value></entry></Markings><Value type="xs:string">[[Help:Reverting|Reverted]] edits by [[Special:Contributions/76.28.186.133|76.28.186.133]] ([[User talk:76.28.186.133|talk]]) to last version by Gurch</Value></Field><Field columnVisibility="PUBLIC" name="REVISION_TEXT_SPACE" timestamp="1362441600000"><Markings><entry><key>columnVisibility</key><value>PUBLIC</value></entry></Markings><Value type="xs:string">preserve</Value></Field><Field columnVisibility="PUBLIC" name="RECORD_ID" timestamp="1362441600000"><Markings><entry><key>columnVisibility</key><value>PUBLIC</value></entry></Markings><Value type="xs:string">20130305_0/enwiki/iwyca1.-q4cpc6.-y7lj4t</Value></Field><Field columnVisibility="PUBLIC" name="CONTRIBUTOR_ID" timestamp="1362441600000"><Markings><entry><key>columnVisibility</key><value>PUBLIC</value></entry></Markings><Value type="xs:decimal">7181920</Value></Field><Field columnVisibility="PUBLIC" name="HAS_REVISION_COMMENT_CONTENT" timestamp="1362441600000"><Markings><entry><key>columnVisibility</key><value>PUBLIC</value></entry></Markings><Value type="xs:string">true</Value></Field><Field columnVisibility="PUBLIC" name="PAGE_TITLE" timestamp="1362441600000"><Markings><entry><key>columnVisibility</key><value>PUBLIC</value></entry></Markings><Value type="xs:string">AccessibleComputing</Value></Field><Field columnVisibility="PUBLIC" name="REVISION_COMMENT_TERM_COUNT" timestamp="1362441600000"><Markings><entry><key>columnVisibility</key><value>PUBLIC</value></entry></Markings><Value type="xs:decimal">27</Value></Field><Field columnVisibility="PUBLIC" name="REVISION_TEXT_TERM_COUNT" timestamp="1362441600000"><Markings><entry><key>columnVisibility</key><value>PUBLIC</value></entry></Markings><Value type="xs:decimal">6</Value></Field></Fields><Markings><entry><key>columnVisibility</key><value>PUBLIC</value></entry></Markings><Metadata><DataType>enwiki</DataType><InternalId>iwyca1.-q4cpc6.-y7lj4t</InternalId><Row>20130305_0</Row><Table>shard</Table></Metadata></Event></Events><Fields><Field>CONTRIBUTOR_ID</Field><Field>CONTRIBUTOR_USERNAME</Field><Field>HAS_REVISION_COMMENT_CONTENT</Field><Field>HAS_REVISION_TEXT_CONTENT</Field><Field>LANGUAGE</Field><Field>LOAD_DATE</Field><Field>ORIG_FILE</Field><Field>PAGE_ID</Field><Field>PAGE_NAMESPACE</Field><Field>PAGE_REDIRECT_TITLE</Field><Field>PAGE_TITLE</Field><Field>RECORD_ID</Field><Field>REVISION_COMMENT</Field><Field>REVISION_COMMENT_TERM_COUNT</Field><Field>REVISION_FORMAT</Field><Field>REVISION_ID</Field><Field>REVISION_MODEL</Field><Field>REVISION_PARENTID</Field><Field>REVISION_SHA1</Field><Field>REVISION_TEXT_SPACE</Field><Field>REVISION_TEXT_TERM_COUNT</Field><Field>REVISION_TIMESTAMP</Field></Fields><ReturnedEvents>1</ReturnedEvents></DefaultEventQueryResponse>