<?xml version="1.0" encoding="UTF-8" standalone="yes"?><DefaultEventQueryResponse xmlns="http://webservice.datawave.nsa/v1"><HasResults>true</HasResults><OperationTimeMS>169</OperationTimeMS><LogicName>ErrorEventQuery</LogicName><PageNumber>1</PageNumber><PartialResults>false</PartialResults><QueryId>441ba21e-9934-49d8-a41c-aa20934f6fdd</QueryId><Events><Event><Fields><Field columnVisibility="PRIVATE" name="LOAD_DATE" timestamp="1537534877146"><Markings><entry><key>columnVisibility</key><value>PRIVATE</value></entry></Markings><Value type="xs:string">1537534876314</Value></Field><Field columnVisibility="PRIVATE" name="EVENT_DATE" timestamp="1537534877146"><Markings><entry><key>columnVisibility</key><value>PRIVATE</value></entry></Markings><Value type="xs:string">2016-04-26T01:31:53Z</Value></Field><Field columnVisibility="PRIVATE" name="JOB_ID" timestamp="1537534877146"><Markings><entry><key>columnVisibility</key><value>PRIVATE</value></entry></Markings><Value type="xs:string">1537534689003</Value></Field><Field columnVisibility="PRIVATE" name="SHA1" timestamp="1537534877146"><Markings><entry><key>columnVisibility</key><value>PRIVATE</value></entry></Markings><Value type="xs:string">f7fbd49088f28aeb92bf76157ed5f1056fe2f9c2</Value></Field><Field columnVisibility="PRIVATE" name="FIELDNAME_TO_TOKENIZE" timestamp="1537534877146"><Markings><entry><key>columnVisibility</key><value>PRIVATE</value></entry></Markings><Value type="xs:string">THIS SHALL BE TOKENIZED</Value></Field><Field columnVisibility="PRIVATE" name="EDGE_VERTEX_TO" timestamp="1537534877146"><Markings><entry><key>columnVisibility</key><value>PRIVATE</value></entry></Markings><Value type="xs:string">VERTEX3</Value></Field><Field columnVisibility="PRIVATE" name="JOB_NAME" timestamp="1537534877146"><Markings><entry><key>columnVisibility</key><value>PRIVATE</value></entry></Markings><Value type="xs:string">IngestJob_20180921130105.164</Value></Field><Field columnVisibility="PRIVATE" name="PROCESSING_DATE" timestamp="1537534877146"><Markings><entry><key>columnVisibility</key><value>PRIVATE</value></entry></Markings><Value type="xs:string">2016-04-26 03:00:00</Value></Field><Field columnVisibility="PRIVATE" name="ORIG_FILE" timestamp="1537534877146"><Markings><entry><key>columnVisibility</key><value>PRIVATE</value></entry></Markings><Value type="xs:string">my.csv|3|0</Value></Field><Field columnVisibility="PRIVATE" name="CONTENT_URI" timestamp="1537534877146"><Markings><entry><key>columnVisibility</key><value>PRIVATE</value></entry></Markings><Value type="xs:string">TXT2M20161170217518737.gz#152498547</Value></Field><Field columnVisibility="PRIVATE" name="SUMMARY" timestamp="1537534877146"><Markings><entry><key>columnVisibility</key><value>PRIVATE</value></entry></Markings><Value type="xs:string"> Even more summary text </Value></Field><Field columnVisibility="PRIVATE" name="PROCESSED_SIZE" timestamp="1537534877146"><Markings><entry><key>columnVisibility</key><value>PRIVATE</value></entry></Markings><Value type="xs:string">2192</Value></Field><Field columnVisibility="PRIVATE" name="FOO_FIELD" timestamp="1537534877146"><Markings><entry><key>columnVisibility</key><value>PRIVATE</value></entry></Markings><Value type="xs:string">MYFOO</Value></Field><Field columnVisibility="PRIVATE" name="RECORD_ID" timestamp="1537534877146"><Markings><entry><key>columnVisibility</key><value>PRIVATE</value></entry></Markings><Value type="xs:string">20180921_0/csv/-846xfk.nsjdmg.k35h94+rwqmy</Value></Field><Field columnVisibility="PRIVATE" name="ERROR" timestamp="1537534877146"><Markings><entry><key>columnVisibility</key><value>PRIVATE</value></entry></Markings><Value type="xs:string">MISSING_DATA_ERROR</Value></Field><Field columnVisibility="PRIVATE" name="UUID" timestamp="1537534877146"><Markings><entry><key>columnVisibility</key><value>PRIVATE</value></entry></Markings><Value type="xs:string">0016dd72-0000-827d-dd4d-001b2163ba09</Value></Field><Field columnVisibility="PRIVATE" name="LANGUAGE" timestamp="1537534877146"><Markings><entry><key>columnVisibility</key><value>PRIVATE</value></entry></Markings><Value type="xs:string">ENGLISH</Value></Field><Field columnVisibility="PRIVATE" name="PARAGRAPH_CHECKSUM_SHA_1" timestamp="1537534877146"><Markings><entry><key>columnVisibility</key><value>PRIVATE</value></entry></Markings><Value type="xs:string">66f00045d715f5afa19ffc1c28c140cd01eac198</Value></Field><Field columnVisibility="PRIVATE" name="PARAGRAPH_CHECKSUM_SHA_1" timestamp="1537534877146"><Markings><entry><key>columnVisibility</key><value>PRIVATE</value></entry></Markings><Value type="xs:string">d6bdac5ec34acde7d55611246280648de11d7a6b</Value></Field><Field columnVisibility="PRIVATE" name="PARAGRAPH_CHECKSUM_SHA_1" timestamp="1537534877146"><Markings><entry><key>columnVisibility</key><value>PRIVATE</value></entry></Markings><Value type="xs:string">718ef8731de49eceaf24ce149710d6f3f854d5f4</Value></Field><Field columnVisibility="PRIVATE" name="BAR_FIELD" timestamp="1537534877146"><Markings><entry><key>columnVisibility</key><value>PRIVATE</value></entry></Markings><Value type="xs:string">MYBAR</Value></Field><Field columnVisibility="PRIVATE" name="PARENT_FILETYPE" timestamp="1537534877146"><Markings><entry><key>columnVisibility</key><value>PRIVATE</value></entry></Markings><Value type="xs:string">MIME</Value></Field><Field columnVisibility="PRIVATE" name="SHA256" timestamp="1537534877146"><Markings><entry><key>columnVisibility</key><value>PRIVATE</value></entry></Markings><Value type="xs:string">7e604bd4cd397bec7a861405f8860cb45892d054a96be66e94ea9b62c118f8a4</Value></Field><Field columnVisibility="PRIVATE" name="EDGE_VERTEX_FROM" timestamp="1537534877146"><Markings><entry><key>columnVisibility</key><value>PRIVATE</value></entry></Markings><Value type="xs:string">VERTEX1</Value></Field><Field columnVisibility="PRIVATE" name="EVENT_UUID" timestamp="1537534877146"><Markings><entry><key>columnVisibility</key><value>PRIVATE</value></entry></Markings><Value type="xs:string">0016dd72-0000-827d-dd4d-001b2163ba09</Value></Field><Field columnVisibility="PRIVATE" name="EVENT_ID" timestamp="1537534877146"><Markings><entry><key>columnVisibility</key><value>PRIVATE</value></entry></Markings><Value type="xs:string">trrn.n2016117aamy.0000000179-att-3</Value></Field><Field columnVisibility="PRIVATE" name="FILE_TYPE" timestamp="1537534877146"><Markings><entry><key>columnVisibility</key><value>PRIVATE</value></entry></Markings><Value type="xs:string">MIME-BODY</Value></Field><Field columnVisibility="PRIVATE" name="ORIGINAL_SIZE" timestamp="1537534877146"><Markings><entry><key>columnVisibility</key><value>PRIVATE</value></entry></Markings><Value type="xs:string">2190</Value></Field><Field columnVisibility="PRIVATE" name="MD5" timestamp="1537534877146"><Markings><entry><key>columnVisibility</key><value>PRIVATE</value></entry></Markings><Value type="xs:string">6c257114aaca09de9e9c3754baf1015g</Value></Field></Fields><Markings><entry><key>columnVisibility</key><value>PRIVATE</value></entry></Markings><Metadata><DataType>csv</DataType><InternalId>-846xfk.nsjdmg.k35h94+rwqmy</InternalId><Row>20180921_0</Row><Table>errorShard</Table></Metadata></Event></Events><Fields><Field>BAR_FIELD</Field><Field>CONTENT_URI</Field><Field>EDGE_VERTEX_FROM</Field><Field>EDGE_VERTEX_TO</Field><Field>ERROR</Field><Field>EVENT_DATE</Field><Field>EVENT_ID</Field><Field>EVENT_UUID</Field><Field>FIELDNAME_TO_TOKENIZE</Field><Field>FILE_TYPE</Field><Field>FOO_FIELD</Field><Field>JOB_ID</Field><Field>JOB_NAME</Field><Field>LANGUAGE</Field><Field>LOAD_DATE</Field><Field>MD5</Field><Field>ORIGINAL_SIZE</Field><Field>ORIG_FILE</Field><Field>PARAGRAPH_CHECKSUM_SHA_1</Field><Field>PARENT_FILETYPE</Field><Field>PROCESSED_SIZE</Field><Field>PROCESSING_DATE</Field><Field>RECORD_ID</Field><Field>SHA1</Field><Field>SHA256</Field><Field>SUMMARY</Field><Field>UUID</Field></Fields><ReturnedEvents>1</ReturnedEvents></DefaultEventQueryResponse>