<?xml version="1.0" encoding="UTF-8" standalone="yes"?><GenericResponse xmlns="http://webservice.datawave.nsa/v1"><HasResults>true</HasResults><OperationTimeMS>78</OperationTimeMS><Result xmlns:xsi="http://www.w3.org/2001/XMLSchema-instance" xmlns:xs="http://www.w3.org/2001/XMLSchema" xsi:type="xs:string">f1a0f41e-c972-4197-9d08-3d72e9c7eecb</Result></GenericResponse>