<?xml version="1.0" encoding="UTF-8" standalone="yes"?><GenericResponse xmlns="http://webservice.datawave.nsa/v1"><HasResults>true</HasResults><OperationTimeMS>43</OperationTimeMS><Result xmlns:xsi="http://www.w3.org/2001/XMLSchema-instance" xmlns:xs="http://www.w3.org/2001/XMLSchema" xsi:type="xs:string">f88b281c-4031-4e42-b0ff-e4048cdc943f</Result></GenericResponse>