<?xml version="1.0" encoding="UTF-8" standalone="yes"?><DefaultEventQueryResponse xmlns="http://webservice.datawave.nsa/v1"><HasResults>true</HasResults><OperationTimeMS>3</OperationTimeMS><LogicName>DiscoveryQuery</LogicName><PageNumber>1</PageNumber><PartialResults>false</PartialResults><QueryId>5ca7ca9b-6c8d-4ce6-95c1-2831ade7227c</QueryId><Events><Event><Fields><Field columnVisibility="" name="VALUE" timestamp="0"><Markings><entry><key>columnVisibility</key><value>PUBLIC</value></entry></Markings><Value type="xs:string">anarchy</Value></Field><Field columnVisibility="" name="FIELD" timestamp="0"><Markings><entry><key>columnVisibility</key><value>PUBLIC</value></entry></Markings><Value type="xs:string">REVISION_TEXT_TOKEN</Value></Field><Field columnVisibility="" name="DATE" timestamp="0"><Markings><entry><key>columnVisibility</key><value>PUBLIC</value></entry></Markings><Value type="xs:string">20130305</Value></Field><Field columnVisibility="" name="DATA TYPE" timestamp="0"><Markings><entry><key>columnVisibility</key><value>PUBLIC</value></entry></Markings><Value type="xs:string">enwiki</Value></Field><Field columnVisibility="" name="RECORD COUNT" timestamp="0"><Markings><entry><key>columnVisibility</key><value>PUBLIC</value></entry></Markings><Value type="xs:string">1</Value></Field></Fields><Markings><entry><key>columnVisibility</key><value>PUBLIC</value></entry></Markings><Metadata><DataType>enwiki</DataType><InternalId></InternalId><Row>anarchy</Row><Table>shardIndex</Table></Metadata></Event></Events><ReturnedEvents>1</ReturnedEvents></DefaultEventQueryResponse>