<?xml version="1.0" encoding="UTF-8" standalone="yes"?><GenericResponse xmlns="http://webservice.datawave.nsa/v1"><HasResults>true</HasResults><OperationTimeMS>43</OperationTimeMS><Result xmlns:xsi="http://www.w3.org/2001/XMLSchema-instance" xmlns:xs="http://www.w3.org/2001/XMLSchema" xsi:type="xs:string">908056e0-c75e-4663-ac2f-ef1f2816cb30</Result></GenericResponse>