<?xml version="1.0" encoding="UTF-8" standalone="yes"?><DefaultEventQueryResponse xmlns="http://webservice.datawave.nsa/v1"><HasResults>true</HasResults><OperationTimeMS>15</OperationTimeMS><LogicName>EventQuery</LogicName><PageNumber>1</PageNumber><PartialResults>false</PartialResults><QueryId>908056e0-c75e-4663-ac2f-ef1f2816cb30</QueryId><Events><Event><Fields><Field columnVisibility="PUBLIC" name="LOAD_DATE" timestamp="1362441600000"><Markings><entry><key>columnVisibility</key><value>PUBLIC</value></entry></Markings><Value type="xs:string">1537534827259</Value></Field><Field columnVisibility="PUBLIC" name="LANGUAGE" timestamp="1362441600000"><Markings><entry><key>columnVisibility</key><value>PUBLIC</value></entry></Markings><Value type="xs:string">ENGLISH</Value></Field><Field columnVisibility="PUBLIC" name="REVISION_SHA1" timestamp="1362441600000"><Markings><entry><key>columnVisibility</key><value>PUBLIC</value></entry></Markings><Value type="xs:string">ls0ordqhjufi32fc3qo9oioa37seld5</Value></Field><Field columnVisibility="PUBLIC" name="CONTRIBUTOR_USERNAME" timestamp="1362441600000"><Markings><entry><key>columnVisibility</key><value>PUBLIC</value></entry></Markings><Value type="xs:string">Alta√Ør</Value></Field><Field columnVisibility="PUBLIC" name="REVISION_ID" timestamp="1362441600000"><Markings><entry><key>columnVisibility</key><value>PUBLIC</value></entry></Markings><Value type="xs:decimal">541785980</Value></Field><Field columnVisibility="PUBLIC" name="PAGE_ID" timestamp="1362441600000"><Markings><entry><key>columnVisibility</key><value>PUBLIC</value></entry></Markings><Value type="xs:decimal">12</Value></Field><Field columnVisibility="PUBLIC" name="HAS_REVISION_TEXT_CONTENT" timestamp="1362441600000"><Markings><entry><key>columnVisibility</key><value>PUBLIC</value></entry></Markings><Value type="xs:string">true</Value></Field><Field columnVisibility="PUBLIC" name="REVISION_TIMESTAMP" timestamp="1362441600000"><Markings><entry><key>columnVisibility</key><value>PUBLIC</value></entry></Markings><Value type="xs:string">2013-03-02T21:01:50Z</Value></Field><Field columnVisibility="PUBLIC" name="REVISION_MODEL" timestamp="1362441600000"><Markings><entry><key>columnVisibility</key><value>PUBLIC</value></entry></Markings><Value type="xs:string">wikitext</Value></Field><Field columnVisibility="PUBLIC" name="REVISION_PARENTID" timestamp="1362441600000"><Markings><entry><key>columnVisibility</key><value>PUBLIC</value></entry></Markings><Value type="xs:decimal">541640576</Value></Field><Field columnVisibility="PUBLIC" name="PAGE_NAMESPACE" timestamp="1362441600000"><Markings><entry><key>columnVisibility</key><value>PUBLIC</value></entry></Markings><Value type="xs:decimal">0</Value></Field><Field columnVisibility="PUBLIC" name="ORIG_FILE" timestamp="1362441600000"><Markings><entry><key>columnVisibility</key><value>PUBLIC</value></entry></Markings><Value type="xs:string">enwiki-20130305-pages-articles-brief.xml|1|0</Value></Field><Field columnVisibility="PUBLIC" name="REVISION_FORMAT" timestamp="1362441600000"><Markings><entry><key>columnVisibility</key><value>PUBLIC</value></entry></Markings><Value type="xs:string">text/x-wiki</Value></Field><Field columnVisibility="PUBLIC" name="REVISION_COMMENT" timestamp="1362441600000"><Markings><entry><key>columnVisibility</key><value>PUBLIC</value></entry></Markings><Value type="xs:string">/* Origins accumulo/ accumulo-website/ aws-cli-1.15.10/ cloud-basher/ cloud-basher-docs/ datawave-alt/ datawave-gh-pages/ datawave-new/ datawave-tarballs/ Desktop/ Documents/ Downloads/ extract/ fluo-muchos/ fluo-muchos-fork/ git-2.9.5/ haproxy-1.7.8/ idea-IC-172.3544.35/ idea-IC-182.4323.46/ jdk1.8.0_144/ jdks/ jekyll-themes/ muchos/ muchos-datawave/ Music/ my-awesome-site/ nationalsecurityagency.github.io/ Pictures/ Public/ ruby-2.5.0/ Templates/ thinclient_drives/ Videos/ Fix.</Value></Field><Field columnVisibility="PUBLIC" name="REVISION_TEXT_SPACE" timestamp="1362441600000"><Markings><entry><key>columnVisibility</key><value>PUBLIC</value></entry></Markings><Value type="xs:string">preserve</Value></Field><Field columnVisibility="PUBLIC" name="REVISION_TEXT_TOKEN" timestamp="1362441600000"><Markings><entry><key>columnVisibility</key><value>PUBLIC</value></entry></Markings><Value type="xs:string">anarchy</Value></Field><Field columnVisibility="PUBLIC" name="RECORD_ID" timestamp="1362441600000"><Markings><entry><key>columnVisibility</key><value>PUBLIC</value></entry></Markings><Value type="xs:string">20130305_0/enwiki/cv98z2.-7tx1b3.oz7tdj</Value></Field><Field columnVisibility="PUBLIC" name="CONTRIBUTOR_ID" timestamp="1362441600000"><Markings><entry><key>columnVisibility</key><value>PUBLIC</value></entry></Markings><Value type="xs:decimal">15232315</Value></Field><Field columnVisibility="PUBLIC" name="HAS_REVISION_COMMENT_CONTENT" timestamp="1362441600000"><Markings><entry><key>columnVisibility</key><value>PUBLIC</value></entry></Markings><Value type="xs:string">true</Value></Field><Field columnVisibility="PUBLIC" name="REVISION_COMMENT_TERM_COUNT" timestamp="1362441600000"><Markings><entry><key>columnVisibility</key><value>PUBLIC</value></entry></Markings><Value type="xs:decimal">2</Value></Field><Field columnVisibility="PUBLIC" name="PAGE_TITLE" timestamp="1362441600000"><Markings><entry><key>columnVisibility</key><value>PUBLIC</value></entry></Markings><Value type="xs:string">Anarchism</Value></Field><Field columnVisibility="PUBLIC" name="REVISION_TEXT_TERM_COUNT" timestamp="1362441600000"><Markings><entry><key>columnVisibility</key><value>PUBLIC</value></entry></Markings><Value type="xs:decimal">22637</Value></Field></Fields><Markings><entry><key>columnVisibility</key><value>PUBLIC</value></entry></Markings><Metadata><DataType>enwiki</DataType><InternalId>cv98z2.-7tx1b3.oz7tdj</InternalId><Row>20130305_0</Row><Table>shard</Table></Metadata></Event></Events><Fields><Field>CONTRIBUTOR_ID</Field><Field>CONTRIBUTOR_USERNAME</Field><Field>HAS_REVISION_COMMENT_CONTENT</Field><Field>HAS_REVISION_TEXT_CONTENT</Field><Field>LANGUAGE</Field><Field>LOAD_DATE</Field><Field>ORIG_FILE</Field><Field>PAGE_ID</Field><Field>PAGE_NAMESPACE</Field><Field>PAGE_TITLE</Field><Field>RECORD_ID</Field><Field>REVISION_COMMENT</Field><Field>REVISION_COMMENT_TERM_COUNT</Field><Field>REVISION_FORMAT</Field><Field>REVISION_ID</Field><Field>REVISION_MODEL</Field><Field>REVISION_PARENTID</Field><Field>REVISION_SHA1</Field><Field>REVISION_TEXT_SPACE</Field><Field>REVISION_TEXT_TERM_COUNT</Field><Field>REVISION_TEXT_TOKEN</Field><Field>REVISION_TIMESTAMP</Field></Fields><ReturnedEvents>1</ReturnedEvents></DefaultEventQueryResponse>