{"Events":[{"Fields":[{"Markings":{"entry":[{"key":"columnVisibility","value":"PUBLIC"}]},"Value":{"type":"xs:string","value":"1709323633673"},"columnVisibility":"PUBLIC","name":"LOAD_DATE","timestamp":1461628800000},{"Markings":{"entry":[{"key":"columnVisibility","value":"PUBLIC"}]},"Value":{"type":"xs:string","value":"30"},"columnVisibility":"PUBLIC","name":"TERM_COUNT","timestamp":1461628800000},{"Markings":{"entry":[{"key":"columnVisibility","value":"PUBLIC"}]},"Value":{"type":"xs:string","value":"2016-04-26T00:32:53Z"},"columnVisibility":"PUBLIC","name":"EVENT_DATE","timestamp":1461628800000},{"Markings":{"entry":[{"key":"columnVisibility","value":"PUBLIC"}]},"Value":{"type":"xs:string","value":"f7fbd49088f28aeb92bf76157ed5f1056fe2f9c3"},"columnVisibility":"PUBLIC","name":"SHA1","timestamp":1461628800000},{"Markings":{"entry":[{"key":"columnVisibility","value":"PUBLIC"}]},"Value":{"type":"xs:string","value":"PUBLIC"},"columnVisibility":"PUBLIC","name":"SECURITY_MARKING","timestamp":1461628800000},{"Markings":{"entry":[{"key":"columnVisibility","value":"PUBLIC"}]},"Value":{"type":"xs:string","value":"VERTEX1"},"columnVisibility":"PUBLIC","name":"EDGE_VERTEX_TO","timestamp":1461628800000},{"Markings":{"entry":[{"key":"columnVisibility","value":"PUBLIC"}]},"Value":{"type":"xs:string","value":"THIS SHALL NOT BE TOKENIZED"},"columnVisibility":"PUBLIC","name":"FIELDNAME1_NOT_TO_TOKENIZE","timestamp":1461628800000},{"Markings":{"entry":[{"key":"columnVisibility","value":"PUBLIC"}]},"Value":{"type":"xs:string","value":"2016-04-26 03:00:00"},"columnVisibility":"PUBLIC","name":"PROCESSING_DATE","timestamp":1461628800000},{"Markings":{"entry":[{"key":"columnVisibility","value":"PUBLIC"}]},"Value":{"type":"xs:string","value":"my.csv|5|0"},"columnVisibility":"PUBLIC","name":"ORIG_FILE","timestamp":1461628800000},{"Markings":{"entry":[{"key":"columnVisibility","value":"PUBLIC"}]},"Value":{"type":"xs:string","value":"TXT2M20161170217518731.gz#152498541"},"columnVisibility":"PUBLIC","name":"CONTENT_URI","timestamp":1461628800000},{"Markings":{"entry":[{"key":"columnVisibility","value":"PUBLIC"}]},"Value":{"type":"xs:string","value":"\nMore summary text \n"},"columnVisibility":"PUBLIC","name":"SUMMARY","timestamp":1461628800000},{"Markings":{"entry":[{"key":"columnVisibility","value":"PUBLIC"}]},"Value":{"type":"xs:string","value":"2190"},"columnVisibility":"PUBLIC","name":"PROCESSED_SIZE","timestamp":1461628800000},{"Markings":{"entry":[{"key":"columnVisibility","value":"PUBLIC"}]},"Value":{"type":"xs:string","value":"20160426_0/csv/1855zl.64utu.-nzzng8.1"},"columnVisibility":"PUBLIC","name":"RECORD_ID","timestamp":1461628800000},{"Markings":{"entry":[{"key":"columnVisibility","value":"PUBLIC"}]},"Value":{"type":"xs:string","value":"MYFOO"},"columnVisibility":"PUBLIC","name":"FOO_FIELD","timestamp":1461628800000},{"Markings":{"entry":[{"key":"columnVisibility","value":"PUBLIC"}]},"Value":{"type":"xs:string","value":"0016dd72-0000-827d-dd4d-001b2163ba09"},"columnVisibility":"PUBLIC","name":"UUID","timestamp":1461628800000},{"Markings":{"entry":[{"key":"columnVisibility","value":"PUBLIC"}]},"Value":{"type":"xs:string","value":"ENGLISH"},"columnVisibility":"PUBLIC","name":"LANGUAGE","timestamp":1461628800000},{"Markings":{"entry":[{"key":"columnVisibility","value":"PUBLIC"}]},"Value":{"type":"xs:string","value":"66f00045d715f5afa19ffc1c28c140cd01eac190"},"columnVisibility":"PUBLIC","name":"PARAGRAPH_CHECKSUM_SHA_1","timestamp":1461628800000},{"Markings":{"entry":[{"key":"columnVisibility","value":"PUBLIC"}]},"Value":{"type":"xs:string","value":"718ef8731de49eceaf24ce149710d6f3f854d5f3"},"columnVisibility":"PUBLIC","name":"PARAGRAPH_CHECKSUM_SHA_1","timestamp":1461628800000},{"Markings":{"entry":[{"key":"columnVisibility","value":"PUBLIC"}]},"Value":{"type":"xs:string","value":"d6bdac5ec34acde7d55611246280648de11d7a6b"},"columnVisibility":"PUBLIC","name":"PARAGRAPH_CHECKSUM_SHA_1","timestamp":1461628800000},{"Markings":{"entry":[{"key":"columnVisibility","value":"PUBLIC"}]},"Value":{"type":"xs:string","value":"MYBAR"},"columnVisibility":"PUBLIC","name":"BAR_FIELD","timestamp":1461628800000},{"Markings":{"entry":[{"key":"columnVisibility","value":"PUBLIC"}]},"Value":{"type":"xs:string","value":"MIME"},"columnVisibility":"PUBLIC","name":"PARENT_FILETYPE","timestamp":1461628800000},{"Markings":{"entry":[{"key":"columnVisibility","value":"PUBLIC"}]},"Value":{"type":"xs:string","value":"7e604bd4cd397bec7a861405f8860cb45892d054a96be66e94ea9b62c118f8a6"},"columnVisibility":"PUBLIC","name":"SHA256","timestamp":1461628800000},{"Markings":{"entry":[{"key":"columnVisibility","value":"PUBLIC"}]},"Value":{"type":"xs:string","value":"VERTEX9"},"columnVisibility":"PUBLIC","name":"EDGE_VERTEX_FROM","timestamp":1461628800000},{"Markings":{"entry":[{"key":"columnVisibility","value":"PUBLIC"}]},"Value":{"type":"xs:string","value":"gggb.n2016117myaa.0000000179-att-1"},"columnVisibility":"PUBLIC","name":"EVENT_ID","timestamp":1461628800000},{"Markings":{"entry":[{"key":"columnVisibility","value":"PUBLIC"}]},"Value":{"type":"xs:string","value":"MIME-BODY"},"columnVisibility":"PUBLIC","name":"FILE_TYPE","timestamp":1461628800000},{"Markings":{"entry":[{"key":"columnVisibility","value":"PUBLIC"}]},"Value":{"type":"xs:string","value":"2188"},"columnVisibility":"PUBLIC","name":"ORIGINAL_SIZE","timestamp":1461628800000},{"Markings":{"entry":[{"key":"columnVisibility","value":"PUBLIC"}]},"Value":{"type":"xs:string","value":"6c257114aaca09de9e9c3754baf1015h"},"columnVisibility":"PUBLIC","name":"MD5","timestamp":1461628800000}],"Markings":{"entry":[{"key":"columnVisibility","value":"PUBLIC"}]},"Metadata":{"DataType":"csv","InternalId":"1855zl.64utu.-nzzng8.1","Row":"20160426_0","Table":"datawave.shard"}}],"Fields":["BAR_FIELD","CONTENT_URI","EDGE_VERTEX_FROM","EDGE_VERTEX_TO","EVENT_DATE","EVENT_ID","FIELDNAME1_NOT_TO_TOKENIZE","FILE_TYPE","FOO_FIELD","LANGUAGE","LOAD_DATE","MD5","ORIGINAL_SIZE","ORIG_FILE","PARAGRAPH_CHECKSUM_SHA_1","PARENT_FILETYPE","PROCESSED_SIZE","PROCESSING_DATE","RECORD_ID","SECURITY_MARKING","SHA1","SHA256","SUMMARY","TERM_COUNT","UUID"],"HasResults":true,"LogicName":"EventQuery","OperationTimeMS":2,"PageNumber":2,"PartialResults":false,"QueryId":"f5b1e1a5-19a9-497d-aac5-0fd5d00a2a7f","ReturnedEvents":1}